To honour the JVM settings for this build a single-use Daemon process will be forked. For more on this, please refer to https://docs.gradle.org/8.9/userguide/gradle_daemon.html#sec:disabling_the_daemon in the Gradle documentation.
Daemon will be stopped at the end of the build 
Checking the license for package Android SDK Platform-Tools in /home/chanho/Desktop/hermes-pocket-source/hermes-android/engine-spike/android/.tools/android-sdk/licenses
Warning: License for package Android SDK Platform-Tools not accepted.
WARNING: platform-tools package is not installed. Please accept the installation licence to continue
> Task :app:extractReleasePythonBuildPackages UP-TO-DATE
> Task :app:installReleasePythonRequirements UP-TO-DATE
> Task :app:mergeReleasePythonSources UP-TO-DATE
> Task :app:generateReleasePythonProxies UP-TO-DATE
> Task :app:prepareEngineManifest
> Task :app:preBuild
> Task :app:preReleaseBuild
> Task :app:javaPreCompileRelease UP-TO-DATE
> Task :app:checkReleaseAarMetadata UP-TO-DATE
> Task :app:generateReleaseResValues UP-TO-DATE
> Task :app:mapReleaseSourceSetPaths UP-TO-DATE
> Task :app:generateReleaseResources UP-TO-DATE
> Task :app:mergeReleaseResources UP-TO-DATE
> Task :app:packageReleaseResources UP-TO-DATE
> Task :app:parseReleaseLocalResources UP-TO-DATE
> Task :app:createReleaseCompatibleScreenManifests UP-TO-DATE
> Task :app:extractDeepLinksRelease UP-TO-DATE

> Task :app:processReleaseMainManifest
/home/chanho/Desktop/hermes-pocket-source/hermes-android/engine-spike/production/app/build/generated/engine/AndroidManifest.xml:13:18-50 Warning:
	android:extractNativeLibs should not be specified in this source AndroidManifest.xml file. See https://d.android.com/guide/topics/manifest/application-element#extractNativeLibs for more information.
The AGP Upgrade Assistant can remove the attribute from the AndroidManifest.xml file and update the build file accordingly. See https://d.android.com/studio/build/agp-upgrade-assistant for more information.

> Task :app:processReleaseManifest
> Task :app:extractProguardFiles UP-TO-DATE
> Task :app:generateReleasePythonJniLibs UP-TO-DATE
> Task :app:mergeReleaseJniLibFolders UP-TO-DATE
> Task :app:mergeReleaseNativeLibs UP-TO-DATE
> Task :app:stripReleaseDebugSymbols UP-TO-DATE
> Task :app:extractReleaseNativeSymbolTables UP-TO-DATE
> Task :app:mergeReleaseNativeDebugMetadata NO-SOURCE
> Task :app:checkReleaseDuplicateClasses UP-TO-DATE
> Task :app:processReleaseManifestForPackage
> Task :app:desugarReleaseFileDependencies UP-TO-DATE
> Task :app:mergeReleaseStartupProfile UP-TO-DATE
> Task :app:mergeExtDexRelease UP-TO-DATE
> Task :app:mergeReleaseArtProfile UP-TO-DATE
> Task :app:mergeReleaseShaders UP-TO-DATE
> Task :app:compileReleaseShaders NO-SOURCE
> Task :app:generateReleaseAssets UP-TO-DATE
> Task :app:generateReleasePythonMiscAssets UP-TO-DATE
> Task :app:generateReleasePythonRequirementsAssets UP-TO-DATE
> Task :app:generateReleasePythonSourceAssets UP-TO-DATE
> Task :app:generateReleasePythonBuildAssets
> Task :app:processReleaseResources
> Task :app:mergeReleaseAssets
> Task :app:compileReleaseJavaWithJavac UP-TO-DATE
> Task :app:generateReleaseLintVitalReportModel
> Task :app:dexBuilderRelease UP-TO-DATE
> Task :app:mergeDexRelease UP-TO-DATE
> Task :app:mergeReleaseGlobalSynthetics UP-TO-DATE
> Task :app:compileReleaseArtProfile UP-TO-DATE
> Task :app:compressReleaseAssets
> Task :app:extractReleaseVersionControlInfo
> Task :app:processReleaseJavaRes NO-SOURCE
> Task :app:mergeReleaseJavaResource
> Task :app:optimizeReleaseResources
> Task :app:collectReleaseDependencies
> Task :app:sdkReleaseDependencyData
> Task :app:writeReleaseAppMetadata
> Task :app:writeReleaseSigningConfigVersions
> Task :app:packageRelease
> Task :app:createReleaseApkListingFileRedirect
> Task :app:lintVitalAnalyzeRelease
> Task :app:lintVitalReportRelease
> Task :app:lintVitalRelease
> Task :app:assembleRelease

BUILD SUCCESSFUL in 18s
55 actionable tasks: 21 executed, 34 up-to-date
