PASS terminal plugin advertises canonical upstream terminal and process_manage contracts only
PASS valid SSE conversation and persisted transcript
PASS fragmented tool name and JSON execute exactly once
PASS MiMo null name id and argument fragments never append literal null
PASS non string streamed function name id or arguments reject before execution
PASS truncated SSE without DONE is rejected before tool execution
PASS length finish reason rejected
PASS missing finish reason rejected
PASS malformed tool arguments never execute
PASS entire tool batch validates before any side effect
PASS HTTP auth failure has no retry
PASS API error in SSE rejected
PASS incorrect response content type rejected
PASS pre cancelled run sends no HTTP request
PASS public HTTP, URL credentials and query are rejected
PASS denied tool cannot be retried automatically
PASS context trimming preserves system latest turn and complete tool groups
PASS edited memory refreshes existing session prompt
PASS last round requests no tools and does not dispatch ignored API tool choice
PASS SSE cancellation during reading stops parsing
Exception in thread "main" java.lang.AssertionError: saved three plugin config changed
	at dev.chanho.hermes.DirectAgentHarness.check(DirectAgentHarness.java:16)
	at dev.chanho.hermes.DirectAgentHarness.lambda$main$37(DirectAgentHarness.java:235)
	at dev.chanho.hermes.DirectAgentHarness.test(DirectAgentHarness.java:22)
	at dev.chanho.hermes.DirectAgentHarness.main(DirectAgentHarness.java:232)
Traceback (most recent call last):
  File "/home/chanho/Desktop/hermes-pocket-source/hermes-android/tests/run_jvm_tests.py", line 59, in <module>
    main()
    ~~~~^^
  File "/home/chanho/Desktop/hermes-pocket-source/hermes-android/tests/run_jvm_tests.py", line 56, in main
    subprocess.run([java, '-cp', str(classes)+':'+str(jar), 'dev.chanho.hermes.'+harness], check=True)
    ~~~~~~~~~~~~~~^^^^^^^^^^^^^^^^^^^^^^^^^^^^^^^^^^^^^^^^^^^^^^^^^^^^^^^^^^^^^^^^^^^^^^^^^^^^^^^^^^^^
  File "/usr/lib/python3.14/subprocess.py", line 578, in run
    raise CalledProcessError(retcode, process.args,
                             output=stdout, stderr=stderr)
subprocess.CalledProcessError: Command '['/home/chanho/Desktop/hermes-pocket-source/hermes-android/.toolchain/jdk/usr/lib/jvm/java-17-openjdk-amd64/bin/java', '-cp', '/home/chanho/Desktop/hermes-pocket-source/hermes-android/build/jvm-tests:/home/chanho/Desktop/hermes-pocket-source/hermes-android/.toolchain/testing/json-20240303.jar', 'dev.chanho.hermes.DirectAgentHarness']' returned non-zero exit status 1.
