test_actual_call_id_updates_pending_approval_complete_card_without_duplicates_or_losing_open_details (test_activity.ActivityUITest.test_actual_call_id_updates_pending_approval_complete_card_without_duplicates_or_losing_open_details) ... ok
test_boot_rehydrates_separate_session_timeline_without_provider_history_roles_or_private_fields (test_activity.ActivityUITest.test_boot_rehydrates_separate_session_timeline_without_provider_history_roles_or_private_fields) ... ok
test_denied_failed_cancelled_and_public_response_cards_never_display_private_event_fields (test_activity.ActivityUITest.test_denied_failed_cancelled_and_public_response_cards_never_display_private_event_fields) ... ok
test_other_session_events_and_late_activity_reload_cannot_overwrite_current_session (test_activity.ActivityUITest.test_other_session_events_and_late_activity_reload_cannot_overwrite_current_session) ... ok
test_browser_error_and_unhandled_rejection_forward_only_known_source_coordinates_without_raw_exception_data (test_browser_diagnostics.BrowserDiagnosticsUITest.test_browser_error_and_unhandled_rejection_forward_only_known_source_coordinates_without_raw_exception_data) ... ok
test_repeated_errors_and_recorder_rejection_do_not_loop_or_replace_chat_with_private_failure (test_browser_diagnostics.BrowserDiagnosticsUITest.test_repeated_errors_and_recorder_rejection_do_not_loop_or_replace_chat_with_private_failure) ... ok
test_bg_uses_real_native_job_entry_and_does_not_fake_chat_completion (test_cli_jobs.CliJobsTest.test_bg_uses_real_native_job_entry_and_does_not_fake_chat_completion) ... ok
test_cancel_keeps_cancelling_until_native_reports_terminal_state (test_cli_jobs.CliJobsTest.test_cancel_keeps_cancelling_until_native_reports_terminal_state) ... ok
test_cli_transcript_and_job_controls_fit_narrow_phone_widths (test_cli_jobs.CliJobsTest.test_cli_transcript_and_job_controls_fit_narrow_phone_widths) ... ok
test_job_panel_is_usable_during_foreground_chat (test_cli_jobs.CliJobsTest.test_job_panel_is_usable_during_foreground_chat) ... ok
test_job_result_uses_safe_markdown_not_html_and_unknown_usage_is_not_invented (test_cli_jobs.CliJobsTest.test_job_result_uses_safe_markdown_not_html_and_unknown_usage_is_not_invented) ... ok
test_job_update_does_not_destroy_partially_typed_new_task (test_cli_jobs.CliJobsTest.test_job_update_does_not_destroy_partially_typed_new_task) ... ok
test_local_help_works_without_a_model_and_does_not_send_a_chat (test_cli_jobs.CliJobsTest.test_local_help_works_without_a_model_and_does_not_send_a_chat) ... ok
test_all_manual_tools_send_native_arguments (test_designs.DesignUITest.test_all_manual_tools_send_native_arguments) ... ok
test_composer_tool_and_model_shortcuts_reach_controls (test_designs.DesignUITest.test_composer_tool_and_model_shortcuts_reach_controls) ... ok
test_design_deep_links_select_requested_choice (test_designs.DesignUITest.test_design_deep_links_select_requested_choice) ... ok
test_design_shortcut_opens_appearance (test_designs.DesignUITest.test_design_shortcut_opens_appearance) ... ok
test_design_switch_preserves_unsaved_data (test_designs.DesignUITest.test_design_switch_preserves_unsaved_data) ... ok
test_design_switch_sends_matching_native_system_bar_appearance (test_designs.DesignUITest.test_design_switch_sends_matching_native_system_bar_appearance) ... ok
test_every_design_all_tabs_fit_mobile_and_wide (test_designs.DesignUITest.test_every_design_all_tabs_fit_mobile_and_wide) ... ok
test_legacy_design_links_migrate_to_two_current_themes (test_designs.DesignUITest.test_legacy_design_links_migrate_to_two_current_themes) ... ok
test_manual_tool_cancellation_restores_controls (test_designs.DesignUITest.test_manual_tool_cancellation_restores_controls) ... ok
test_screen_result_buttons_select_target_and_invalidate_after_action (test_designs.DesignUITest.test_screen_result_buttons_select_target_and_invalidate_after_action) ... ok
test_sidebar_session_search_open_and_deliberate_delete (test_designs.DesignUITest.test_sidebar_session_search_open_and_deliberate_delete) ... ok
test_stream_completion_and_failure_all_designs (test_designs.DesignUITest.test_stream_completion_and_failure_all_designs) ... ok
test_browser_error_report_keeps_known_locations_and_drops_raw_javascript_payload (test_diagnostics.DiagnosticsTest.test_browser_error_report_keeps_known_locations_and_drops_raw_javascript_payload) ... ok
test_collection_missing_unconfigured_unauthorized_or_failed_devices_never_fabricates_success (test_diagnostics.DiagnosticsTest.test_collection_missing_unconfigured_unauthorized_or_failed_devices_never_fabricates_success) ... ok
test_collector_reads_only_bounded_own_private_file_via_exact_injected_command_and_never_saves_stderr (test_diagnostics.DiagnosticsTest.test_collector_reads_only_bounded_own_private_file_via_exact_injected_command_and_never_saves_stderr) ... ok
test_counterfeit_logs_failure_results_mismatched_commands_and_protected_or_external_source_evidence_are_rejected (test_diagnostics.DiagnosticsTest.test_counterfeit_logs_failure_results_mismatched_commands_and_protected_or_external_source_evidence_are_rejected) ... ok
test_critical_preflight_requires_review_bound_to_actual_successful_test_execution_and_source_hash (test_diagnostics.DiagnosticsTest.test_critical_preflight_requires_review_bound_to_actual_successful_test_execution_and_source_hash) ... PENDING critical aaaaaaaaaaaaaaaaaaaaaaaaaaaaaaaaaaaaaaaaaaaaaaaaaaaaaaaaaaaaaaaa (runtime, v0.12): java.lang.IllegalStateException — Fixture.java:7 run
ok
test_decoder_rejects_duplicate_ids_invalid_types_utf8_and_caps (test_diagnostics.DiagnosticsTest.test_decoder_rejects_duplicate_ids_invalid_types_utf8_and_caps) ... ok
test_explicit_offline_collection_never_calls_adb_or_marks_cached_critical_errors_clean (test_diagnostics.DiagnosticsTest.test_explicit_offline_collection_never_calls_adb_or_marks_cached_critical_errors_clean) ... Diagnostics: OFFLINE; fresh phone errors unavailable; cached reports require review; docs/diagnostics/reports/v0.12-20261004T081217971532Z-bf56bc52cacd.json
PENDING critical aaaaaaaaaaaaaaaaaaaaaaaaaaaaaaaaaaaaaaaaaaaaaaaaaaaaaaaaaaaaaaaa (runtime, v0.12): java.lang.IllegalStateException — Fixture.java:7 run
ok
test_metadata_whitelist_drops_payloads_and_redacts_credential_shaped_frames (test_diagnostics.DiagnosticsTest.test_metadata_whitelist_drops_payloads_and_redacts_credential_shaped_frames) ... ok
test_new_occurrence_or_changed_source_or_test_output_reopens_exact_review_without_claiming_fixed (test_diagnostics.DiagnosticsTest.test_new_occurrence_or_changed_source_or_test_output_reopens_exact_review_without_claiming_fixed) ... ok
test_process_exit_provenance_is_critical_without_claiming_historical_apk_or_retaining_os_trace (test_diagnostics.DiagnosticsTest.test_process_exit_provenance_is_critical_without_claiming_historical_apk_or_retaining_os_trace) ... ok
test_collapsed_document_reads_full_text_only_on_open_and_core_delete_stays_forbidden (test_memory_documents.MemoryDocumentsUITest.test_collapsed_document_reads_full_text_only_on_open_and_core_delete_stays_forbidden) ... ok
test_save_uncertain_reply_preserves_draft_and_native_confirmed_save_carries_exact_name_content (test_memory_documents.MemoryDocumentsUITest.test_save_uncertain_reply_preserves_draft_and_native_confirmed_save_carries_exact_name_content) ... ok
test_all_provider_phases_show_compact_brain_and_elapsed_without_invented_public_thought (test_model_progress.ModelProgressUITest.test_all_provider_phases_show_compact_brain_and_elapsed_without_invented_public_thought) ... ok
test_busy_composer_stop_and_background_send_real_native_requests_without_claiming_completion (test_model_progress.ModelProgressUITest.test_busy_composer_stop_and_background_send_real_native_requests_without_claiming_completion) ... ok
test_historical_public_thoughts_reload_from_separate_session_api_without_provider_message_roles (test_model_progress.ModelProgressUITest.test_historical_public_thoughts_reload_from_separate_session_api_without_provider_message_roles) ... ok
test_public_provider_source_session_run_and_round_are_checked_and_unknown_fields_are_discarded (test_model_progress.ModelProgressUITest.test_public_provider_source_session_run_and_round_are_checked_and_unknown_fields_are_discarded) ... ok
test_public_text_cap_and_portrait_details_preserve_literal_unicode_without_overflow (test_model_progress.ModelProgressUITest.test_public_text_cap_and_portrait_details_preserve_literal_unicode_without_overflow) ... ok
test_public_thought_is_visible_before_answer_and_cumulative_updates_preserve_expanded_card (test_model_progress.ModelProgressUITest.test_public_thought_is_visible_before_answer_and_cumulative_updates_preserve_expanded_card) ... ok
test_real_phase_and_elapsed_ui_advance_only_while_running_and_stop_on_final_cancel_or_failure (test_model_progress.ModelProgressUITest.test_real_phase_and_elapsed_ui_advance_only_while_running_and_stop_on_final_cancel_or_failure) ... ok
test_ordinary_intents_have_targeted_visibility_and_alarm_permission_without_call_or_send_authority (test_phone_manifest.PhoneManifestTest.test_ordinary_intents_have_targeted_visibility_and_alarm_permission_without_call_or_send_authority) ... ok
test_release_diagnostics_endpoint_requires_dump_permission_and_never_enables_debuggable_or_uri_write_grants (test_phone_manifest.PhoneManifestTest.test_release_diagnostics_endpoint_requires_dump_permission_and_never_enables_debuggable_or_uri_write_grants) ... ok
test_busy_blocks_preference_and_model_controls (test_preferences.PreferencesUITest.test_busy_blocks_preference_and_model_controls) ... ok
test_cancelled_folder_picker_retains_authoritative_existing_grant (test_preferences.PreferencesUITest.test_cancelled_folder_picker_retains_authoritative_existing_grant) ... ok
test_capability_draft_requires_save_and_close_does_not_change_saved_plugins (test_preferences.PreferencesUITest.test_capability_draft_requires_save_and_close_does_not_change_saved_plugins) ... ok
test_catalog_five_rows_and_independent_model_thinking_preferences (test_preferences.PreferencesUITest.test_catalog_five_rows_and_independent_model_thinking_preferences) ... ok
test_compact_settings_nested_back_returns_to_tools_or_advanced (test_preferences.PreferencesUITest.test_compact_settings_nested_back_returns_to_tools_or_advanced) ... ok
test_configured_header_is_plain_and_current_chat_has_no_sidebar_nav (test_preferences.PreferencesUITest.test_configured_header_is_plain_and_current_chat_has_no_sidebar_nav) ... ok
test_default_model_and_hermes_reasoning_ladder_persist_new_chat_and_boot (test_preferences.PreferencesUITest.test_default_model_and_hermes_reasoning_ladder_persist_new_chat_and_boot) ... ok
test_drawer_settings_stays_at_bottom_without_footer_badges (test_preferences.PreferencesUITest.test_drawer_settings_stays_at_bottom_without_footer_badges) ... ok
test_failed_model_discovery_does_not_fake_models_or_prevent_manual_id (test_preferences.PreferencesUITest.test_failed_model_discovery_does_not_fake_models_or_prevent_manual_id) ... ok
test_first_launch_setup_guide_disables_shortcuts_and_does_not_call_api (test_preferences.PreferencesUITest.test_first_launch_setup_guide_disables_shortcuts_and_does_not_call_api) ... ok
test_floating_pending_rejection_and_busy_preserve_saved_state (test_preferences.PreferencesUITest.test_floating_pending_rejection_and_busy_preserve_saved_state) ... ok
test_floating_toggle_saves_only_preference_and_hydrates_after_reopen (test_preferences.PreferencesUITest.test_floating_toggle_saves_only_preference_and_hydrates_after_reopen) ... ok
test_folder_picker_readonly_revocation_preserves_model_secret_draft (test_preferences.PreferencesUITest.test_folder_picker_readonly_revocation_preserves_model_secret_draft) ... ok
test_global_app_selection_does_not_require_legacy_individual_allowlist (test_preferences.PreferencesUITest.test_global_app_selection_does_not_require_legacy_individual_allowlist) ... ok
test_global_control_and_approval_mode_save_independently_without_credentials (test_preferences.PreferencesUITest.test_global_control_and_approval_mode_save_independently_without_credentials) ... ok
test_hosted_model_without_saved_key_stays_disabled_until_key_exists (test_preferences.PreferencesUITest.test_hosted_model_without_saved_key_stays_disabled_until_key_exists) ... ok
test_keyless_web_save_omits_tavily_secret_and_preserves_unsaved_key (test_preferences.PreferencesUITest.test_keyless_web_save_omits_tavily_secret_and_preserves_unsaved_key) ... ok
test_model_search_literal_name_and_manual_fallback (test_preferences.PreferencesUITest.test_model_search_literal_name_and_manual_fallback) ... ok
test_native_inventory_controls_tool_count_and_disabled_device_actions (test_preferences.PreferencesUITest.test_native_inventory_controls_tool_count_and_disabled_device_actions) ... ok
test_native_provider_catalog_drives_names_and_builtin_endpoint (test_preferences.PreferencesUITest.test_native_provider_catalog_drives_names_and_builtin_endpoint) ... ok
test_pending_and_failed_device_preference_restore_saved_state (test_preferences.PreferencesUITest.test_pending_and_failed_device_preference_restore_saved_state) ... ok
test_popup_focus_escape_native_back_and_background_inert (test_preferences.PreferencesUITest.test_popup_focus_escape_native_back_and_background_inert) ... ok
test_portrait_approval_selector_keeps_label_and_options_inside_row (test_preferences.PreferencesUITest.test_portrait_approval_selector_keeps_label_and_options_inside_row) ... ok
test_provider_first_catalog_switch_resets_draft_secret_and_selects_model_after_save (test_preferences.PreferencesUITest.test_provider_first_catalog_switch_resets_draft_secret_and_selects_model_after_save) ... ok
test_screen_capture_capability_states_do_not_claim_permission_is_actual_capture (test_preferences.PreferencesUITest.test_screen_capture_capability_states_do_not_claim_permission_is_actual_capture) ... ok
test_settings_home_keeps_connection_draft_and_removes_manual_context_controls (test_preferences.PreferencesUITest.test_settings_home_keeps_connection_draft_and_removes_manual_context_controls) ... ok
test_shizuku_needs_live_verified_service_and_shell_is_not_root (test_preferences.PreferencesUITest.test_shizuku_needs_live_verified_service_and_shell_is_not_root) ... ok
test_shizuku_toggle_and_os_permission_request_never_forward_model_credentials (test_preferences.PreferencesUITest.test_shizuku_toggle_and_os_permission_request_never_forward_model_credentials) ... ok
test_short_drawer_last_button_is_reachable_and_does_not_clip (test_preferences.PreferencesUITest.test_short_drawer_last_button_is_reachable_and_does_not_clip) ... ok
test_skill_editor_save_read_and_confirmed_delete_native_requests (test_preferences.PreferencesUITest.test_skill_editor_save_read_and_confirmed_delete_native_requests) ... ok
test_skill_plugin_partial_save_preserves_unsaved_api_secret (test_preferences.PreferencesUITest.test_skill_plugin_partial_save_preserves_unsaved_api_secret) ... ok
test_thinking_popup_focus_and_cancel_preserves_model_and_default (test_preferences.PreferencesUITest.test_thinking_popup_focus_and_cancel_preserves_model_and_default) ... ok
test_web_key_saves_separately_and_preserves_unsaved_model_api_key (test_preferences.PreferencesUITest.test_web_key_saves_separately_and_preserves_unsaved_model_api_key) ... ok
test_keyboard_delete_uses_same_explicit_native_request (test_sidebar_gestures.SidebarGestureTest.test_keyboard_delete_uses_same_explicit_native_request) ... ok
test_large_left_and_right_swipes_delete_exactly_once_without_prompt (test_sidebar_gestures.SidebarGestureTest.test_large_left_and_right_swipes_delete_exactly_once_without_prompt) ... ok
test_long_hold_release_without_swipe_preserves_conversation (test_sidebar_gestures.SidebarGestureTest.test_long_hold_release_without_swipe_preserves_conversation) ... ok
test_native_error_or_false_result_restores_row_without_losing_session (test_sidebar_gestures.SidebarGestureTest.test_native_error_or_false_result_restores_row_without_losing_session) ... ok
test_pointer_cancel_lost_capture_and_busy_cancel_armed_swipe (test_sidebar_gestures.SidebarGestureTest.test_pointer_cancel_lost_capture_and_busy_cancel_armed_swipe) ... ok
test_short_tap_opens_and_never_deletes (test_sidebar_gestures.SidebarGestureTest.test_short_tap_opens_and_never_deletes) ... ok
test_small_armed_swipe_does_not_delete (test_sidebar_gestures.SidebarGestureTest.test_small_armed_swipe_does_not_delete) ... ok
test_vertical_motion_before_hold_does_not_arm_or_delete (test_sidebar_gestures.SidebarGestureTest.test_vertical_motion_before_hold_does_not_arm_or_delete) ... ok
test_blocked_original_and_busy_owner_disable_install_but_success_requires_explicit_inactive_ack (test_skill_library.SkillLibraryUITest.test_blocked_original_and_busy_owner_disable_install_but_success_requires_explicit_inactive_ack) ... ok
test_cancel_unverified_and_capacity_failure_do_not_claim_original_saved_or_change_active_skill (test_skill_library.SkillLibraryUITest.test_cancel_unverified_and_capacity_failure_do_not_claim_original_saved_or_change_active_skill) ... ok
test_source_search_and_original_resource_read_use_exact_ids_without_install_or_activation (test_skill_library.SkillLibraryUITest.test_source_search_and_original_resource_read_use_exact_ids_without_install_or_activation) ... ok
test_failed_resource_save_preserves_draft_and_disabled_plugin_blocks_editor (test_skill_packages.SkillPackageUITest.test_failed_resource_save_preserves_draft_and_disabled_plugin_blocks_editor) ... ok
test_full_yaml_editor_preserves_metadata_in_native_save (test_skill_packages.SkillPackageUITest.test_full_yaml_editor_preserves_metadata_in_native_save) ... ok
test_import_export_cancel_and_unverified_response_never_claim_saved_package (test_skill_packages.SkillPackageUITest.test_import_export_cancel_and_unverified_response_never_claim_saved_package) ... ok
test_resource_read_write_and_remove_send_canonical_operation_arrays_without_model_key (test_skill_packages.SkillPackageUITest.test_resource_read_write_and_remove_send_canonical_operation_arrays_without_model_key) ... ok
test_unverified_resource_response_does_not_claim_write_succeeded (test_skill_packages.SkillPackageUITest.test_unverified_resource_response_does_not_claim_write_succeeded) ... ok
test_disabled_plugin_actual_inventory_and_busy_block_terminal_without_native_execution (test_terminal.TerminalUITest.test_disabled_plugin_actual_inventory_and_busy_block_terminal_without_native_execution) ... ok
test_native_job_list_and_process_buttons_preserve_backend_and_session_identity (test_terminal.TerminalUITest.test_native_job_list_and_process_buttons_preserve_backend_and_session_identity) ... ok
test_pending_terminal_and_stop_wait_for_actual_native_response_before_reenabling (test_terminal.TerminalUITest.test_pending_terminal_and_stop_wait_for_actual_native_response_before_reenabling) ... ok
test_shizuku_failure_is_literal_and_never_retried_under_app_backend (test_terminal.TerminalUITest.test_shizuku_failure_is_literal_and_never_retried_under_app_backend) ... ok
test_typed_terminal_arguments_preserve_command_and_omit_unsaved_model_key (test_terminal.TerminalUITest.test_typed_terminal_arguments_preserve_command_and_omit_unsaved_model_key) ... ok
test_busy_reload_places_current_round_stream_between_persisted_first_appearances_and_failure_uses_native_message_ids (test_timeline_order.TimelineOrderUITest.test_busy_reload_places_current_round_stream_between_persisted_first_appearances_and_failure_uses_native_message_ids) ... ok
test_late_history_snapshot_cannot_revert_live_completed_tool_or_new_public_thought (test_timeline_order.TimelineOrderUITest.test_late_history_snapshot_cannot_revert_live_completed_tool_or_new_public_thought) ... ok
test_three_actual_rounds_interleave_user_thought_public_text_tool_updates_and_final_without_duplicates (test_timeline_order.TimelineOrderUITest.test_three_actual_rounds_interleave_user_thought_public_text_tool_updates_and_final_without_duplicates) ... ok
test_unrelated_tool_append_preserves_selected_public_text_open_thought_details_and_reading_scroll (test_timeline_order.TimelineOrderUITest.test_unrelated_tool_append_preserves_selected_public_text_open_thought_details_and_reading_scroll) ... ok
test_authenticated_e2e_phone_roundtrip (test_transport.Tests.test_authenticated_e2e_phone_roundtrip) ... /usr/lib/python3.14/tempfile.py:484: ResourceWarning: Implicitly cleaning up <HTTPError 401: 'Unauthorized'>
  _warnings.warn(self.warn_message, ResourceWarning)
/usr/lib/python3.14/tempfile.py:484: ResourceWarning: Implicitly cleaning up <HTTPError 403: 'Forbidden'>
  _warnings.warn(self.warn_message, ResourceWarning)
/usr/lib/python3.14/tempfile.py:484: ResourceWarning: Implicitly cleaning up <HTTPError 409: 'Conflict'>
  _warnings.warn(self.warn_message, ResourceWarning)
ok
test_cancel_wakes_waiting_tool (test_transport.Tests.test_cancel_wakes_waiting_tool) ... ok
test_event_cursor_monotonic (test_transport.Tests.test_event_cursor_monotonic) ... ok
test_result_idempotency_and_conflict (test_transport.Tests.test_result_idempotency_and_conflict) ... ok
test_schema_fails_closed (test_transport.Tests.test_schema_fails_closed) ... ok
test_session_and_request_isolation (test_transport.Tests.test_session_and_request_isolation) ... ok
Hermes run ended:test_tools_are_phone_only (test_transport.Tests.test_tools_are_phone_only) ... ok
test_unconfigured_engine_refuses_run (test_transport.Tests.test_unconfigured_engine_refuses_run) ... ok
test_uuid_rejects_paths (test_transport.Tests.test_uuid_rejects_paths) ... ok
test_weak_token_rejected (test_transport.Tests.test_weak_token_rejected) ... ok
 InterruptedError
test_accepted_pending_draft_reconciles_with_native_history_without_resend (test_ui.UITest.test_accepted_pending_draft_reconciles_with_native_history_without_resend) ... ok
test_browser_preview_is_honest (test_ui.UITest.test_browser_preview_is_honest) ... ok
test_composer_draft_restores_after_reload_without_focus_or_api_key_storage (test_ui.UITest.test_composer_draft_restores_after_reload_without_focus_or_api_key_storage) ... ok
test_composer_remains_visible_in_short_keyboard_sized_viewport (test_ui.UITest.test_composer_remains_visible_in_short_keyboard_sized_viewport) ... ok
test_failed_stream_preserves_partial_answer_as_incomplete (test_ui.UITest.test_failed_stream_preserves_partial_answer_as_incomplete) ... ok
test_five_tabs_render_without_overflow (test_ui.UITest.test_five_tabs_render_without_overflow) ... ok
test_mobile_drawer_keyboard_scrim_and_wide_mobile_preview (test_ui.UITest.test_mobile_drawer_keyboard_scrim_and_wide_mobile_preview) ... ok
test_model_api_credentials_save_and_connection_use_direct_mode (test_ui.UITest.test_model_api_credentials_save_and_connection_use_direct_mode) ... ok
test_model_text_is_not_html (test_ui.UITest.test_model_text_is_not_html) ... ok
test_new_chat_clears_conversation_and_disables_blank_send (test_ui.UITest.test_new_chat_clears_conversation_and_disables_blank_send) ... ok
test_rapid_stream_completion_flushes_final_text_without_delayed_overwrite (test_ui.UITest.test_rapid_stream_completion_flushes_final_text_without_delayed_overwrite) ... ok
test_rapid_stream_interruption_preserves_latest_pending_delta (test_ui.UITest.test_rapid_stream_interruption_preserves_latest_pending_delta) ... ok
test_standalone_model_api_setup_has_no_engine_selector (test_ui.UITest.test_standalone_model_api_setup_has_no_engine_selector) ... ok
test_stream_and_stop_state (test_ui.UITest.test_stream_and_stop_state) ... ok
test_stream_preserves_reading_position_and_jump_returns_to_latest (test_ui.UITest.test_stream_preserves_reading_position_and_jump_returns_to_latest) ... ok
test_tool_catalog_covers_native_phone_loop (test_ui.UITest.test_tool_catalog_covers_native_phone_loop) ... ok
test_invalid_releases (test_versioning.VersionTests.test_invalid_releases) ... ok
test_major_and_channel_promotion_increase_code (test_versioning.VersionTests.test_major_and_channel_promotion_increase_code) ... ok
test_numbering_and_rollovers (test_versioning.VersionTests.test_numbering_and_rollovers) ... ok
test_sync_preserves_manifest_and_check_rejects_stale_metadata (test_versioning.VersionTests.test_sync_preserves_manifest_and_check_rejects_stale_metadata) ... ok
test_version_json_rejects_unknown_fields (test_versioning.VersionTests.test_version_json_rejects_unknown_fields) ... ok

----------------------------------------------------------------------
Ran 135 tests in 188.459s

OK
